// Jest Snapshot v1, https://goo.gl/fbAQLP

exports[`display missions component snapshot renders properly 1`] = `[Function]`;
